// Jest Snapshot v1, https://goo.gl/fbAQLP

exports[`renders correctly 1`] = `
<div>
  <h2
    className="display-4"
  >
    Heading
  </h2>
</div>
`;
